── Initialising site ───────────────────────────────────────────────────────────
Copying <pkgdown>/BS5/assets/katex-auto.js to katex-auto.js
Copying <pkgdown>/BS5/assets/lightswitch.js to lightswitch.js
Copying <pkgdown>/BS5/assets/link.svg to link.svg
Copying <pkgdown>/BS5/assets/pkgdown.js to pkgdown.js
Updating deps/bootstrap-5.3.1/bootstrap.bundle.min.js
Updating deps/bootstrap-5.3.1/bootstrap.bundle.min.js.map
Updating deps/bootstrap-5.3.1/bootstrap.min.css
Updating deps/bootstrap-toc-1.0.1/bootstrap-toc.min.js
Updating deps/clipboard.js-2.0.11/clipboard.min.js
Updating deps/font-awesome-6.5.2/css/all.css
Updating deps/font-awesome-6.5.2/css/all.min.css
Updating deps/font-awesome-6.5.2/css/v4-shims.css
Updating deps/font-awesome-6.5.2/css/v4-shims.min.css
Updating deps/font-awesome-6.5.2/webfonts/fa-brands-400.ttf
Updating deps/font-awesome-6.5.2/webfonts/fa-brands-400.woff2
Updating deps/font-awesome-6.5.2/webfonts/fa-regular-400.ttf
Updating deps/font-awesome-6.5.2/webfonts/fa-regular-400.woff2
Updating deps/font-awesome-6.5.2/webfonts/fa-solid-900.ttf
Updating deps/font-awesome-6.5.2/webfonts/fa-solid-900.woff2
Updating deps/font-awesome-6.5.2/webfonts/fa-v4compatibility.ttf
Updating deps/font-awesome-6.5.2/webfonts/fa-v4compatibility.woff2
Updating deps/headroom-0.11.0/headroom.min.js
Updating deps/headroom-0.11.0/jQuery.headroom.min.js
Updating deps/jquery-3.6.0/jquery-3.6.0.js
Updating deps/jquery-3.6.0/jquery-3.6.0.min.js
Updating deps/jquery-3.6.0/jquery-3.6.0.min.map
Updating deps/search-1.0.0/autocomplete.jquery.min.js
Updating deps/search-1.0.0/fuse.min.js
Updating deps/search-1.0.0/mark.min.js
Reading README.md
Writing `index.html`
Writing `404.html`
Writing `reference/index.html`
── Building function reference ─────────────────────────────────────────────────
Copying man/figures/README-unnamed-chunk-2-1.png to
reference/figures/README-unnamed-chunk-2-1.png
Copying man/figures/README-unnamed-chunk-3-1.png to
reference/figures/README-unnamed-chunk-3-1.png
Copying man/figures/README-unnamed-chunk-3-2.png to
reference/figures/README-unnamed-chunk-3-2.png
Copying man/figures/README-unnamed-chunk-4-1.png to
reference/figures/README-unnamed-chunk-4-1.png
Copying man/figures/README-unnamed-chunk-4-2.png to
reference/figures/README-unnamed-chunk-4-2.png
Copying man/figures/README-unnamed-chunk-5-1.png to
reference/figures/README-unnamed-chunk-5-1.png
Copying man/figures/README-unnamed-chunk-5-2.png to
reference/figures/README-unnamed-chunk-5-2.png
Copying man/figures/README-unnamed-chunk-5-3.png to
reference/figures/README-unnamed-chunk-5-3.png
Copying man/figures/README-unnamed-chunk-6-1.png to
reference/figures/README-unnamed-chunk-6-1.png
Copying man/figures/README-unnamed-chunk-6-2.png to
reference/figures/README-unnamed-chunk-6-2.png
Copying man/figures/README-unnamed-chunk-7-1.png to
reference/figures/README-unnamed-chunk-7-1.png
Copying man/figures/README-unnamed-chunk-7-2.png to
reference/figures/README-unnamed-chunk-7-2.png
Reading man/MPCurver.Rd
Writing `reference/MPCurver.html`
Reading man/PCA_ordering.Rd
Writing `reference/PCA_ordering.html`
Reading man/do_mpcurve.Rd
Writing `reference/do_mpcurve.html`
Reading man/fiedler_ordering.Rd
Writing `reference/fiedler_ordering.html`
Reading man/fit_mpcurve.Rd
Writing `reference/fit_mpcurve.html`
Reading man/fitted_prior.Rd
Writing `reference/fitted_prior.html`
Reading man/isomap_ordering.Rd
Writing `reference/isomap_ordering.html`
Reading man/mpcurve.Rd
Writing `reference/mpcurve.html`
Reading man/pcurve_ordering.Rd
Writing `reference/pcurve_ordering.html`
Reading man/plot.mpcurve.Rd
Writing `reference/plot.mpcurve.html`
Reading man/print.mpcurve.Rd
Writing `reference/print.mpcurve.html`
Reading man/select_mpcurve_dimension.Rd
Writing `reference/select_mpcurve_dimension.html`
Reading man/simulate_cavi_toy.Rd
Writing `reference/simulate_cavi_toy.html`
Reading man/simulate_dual_trajectory.Rd
Writing `reference/simulate_dual_trajectory.html`
Reading man/simulate_intrinsic_trajectories.Rd
Writing `reference/simulate_intrinsic_trajectories.html`
Reading man/simulate_spiral2d.Rd
Writing `reference/simulate_spiral2d.html`
Reading man/simulate_swiss_roll_1d_2d.Rd
Writing `reference/simulate_swiss_roll_1d_2d.html`
Reading man/simulate_two_order_gp_dataset.Rd
Writing `reference/simulate_two_order_gp_dataset.html`
Reading man/summary.mpcurve.Rd
Writing `reference/summary.mpcurve.html`
Reading man/tSNE_ordering.Rd
Writing `reference/tSNE_ordering.html`
Writing `articles/index.html`
Reading vignettes/mpcurve_intro.Rmd
Writing `articles/mpcurve_intro.html`
Reading vignettes/partition.Rmd
Writing `articles/partition.html`
Reading vignettes/fitness.rmd
Writing `articles/fitness.html`
── Building search index ───────────────────────────────────────────────────────
── Building sitemap ────────────────────────────────────────────────────────────
Writing `sitemap.xml`
Ran 9/9 deferred expressions
